<?xml version="1.0" encoding="utf-8"?><testsuites><testsuite name="pytest" errors="0" failures="0" skipped="0" tests="4" time="3.951" timestamp="2023-11-06T13:29:49.854068" hostname="german_pc"><testcase classname="tests.api.test_api.TestBatchPipeline" name="test_should_failed_unkown_column_1" time="2.101" /><testcase classname="tests.api.test_api.TestBatchPipeline" name="test_should_failed_unkown_column_2" time="0.005" /><testcase classname="tests.api.test_api.TestBatchPipeline" name="test_should_failed_unkown_column_3" time="0.008" /><testcase classname="tests.api.test_api.TestBatchPipeline" name="test_should_get_predict" time="0.005" /></testsuite></testsuites>